version https://git-lfs.github.com/spec/v1
oid sha256:fd5f9a7b725d2257b1521c7acd8d2eda3b243f4cc55433203f450a021b7eb2b1
size 93270016
