version https://git-lfs.github.com/spec/v1
oid sha256:81b08ed05d75818b3d970737963663214d6fe10e4db4cf3d34251c8b7f3b2020
size 92893184
